[
  {
    "caseResult": [
      {
        "dataList": [
          {
            "data": {
              "input": "世界上有多少个国家？",
              "timeout": 2000,
            },
            "title": "输入",
          },
        ],
        "imgList": [],
      },
    ],
    "isBatch": undefined,
    "nodeId": "100001",
    "nodeType": "1",
  },
  {
    "caseResult": [
      {
        "dataList": [
          {
            "data": {
              "output": "截至2024年7月，世界上共有233个国家和地区，其中国家有197个（主权国家195个），地区有36个。

联合国会员国目前有193个，此外梵蒂冈是联合国观察员国，巴勒斯坦是联合国观察员实体，这两个在国际上也被广泛承认为国家。 ",
            },
            "title": "输出变量",
          },
        ],
        "imgList": [],
      },
    ],
    "isBatch": undefined,
    "nodeId": "900001",
    "nodeType": "2",
  },
  {
    "caseResult": [
      {
        "dataList": [
          {
            "data": {
              "input": "世界上有多少个国家？",
              "timeout": 2000,
            },
            "title": "输入",
          },
          {
            "data": {
              "key0": "请回答问题：世界上有多少个国家？",
              "key1": [
                "hello",
                "world",
              ],
              "key2": {
                "key21": "hi",
              },
            },
            "title": "原始输出",
          },
          {
            "data": {
              "key0": "请回答问题：世界上有多少个国家？",
              "key1": [
                "hello",
                "world",
              ],
              "key2": {
                "key21": "hi",
              },
            },
            "title": "最终输出",
          },
        ],
        "imgList": [],
      },
    ],
    "isBatch": undefined,
    "nodeId": "172934",
    "nodeType": "5",
  },
  {
    "caseResult": [
      {
        "dataList": [
          {
            "data": {
              "input": "请回答问题：世界上有多少个国家？",
            },
            "title": "输入",
          },
          {
            "data": "截至2024年7月，世界上共有233个国家和地区，其中国家有197个（主权国家195个），地区有36个。

联合国会员国目前有193个，此外梵蒂冈是联合国观察员国，巴勒斯坦是联合国观察员实体，这两个在国际上也被广泛承认为国家。 ",
            "title": "原始输出",
          },
          {
            "data": {
              "output": "截至2024年7月，世界上共有233个国家和地区，其中国家有197个（主权国家195个），地区有36个。

联合国会员国目前有193个，此外梵蒂冈是联合国观察员国，巴勒斯坦是联合国观察员实体，这两个在国际上也被广泛承认为国家。 ",
            },
            "title": "最终输出",
          },
        ],
        "imgList": [],
      },
    ],
    "isBatch": undefined,
    "nodeId": "126762",
    "nodeType": "3",
  },
]